// Jest Snapshot v1, https://goo.gl/fbAQLP

exports[`IngredientsList renders without crashing 1`] = `<Connect(IngredientsList) />`;
